C:\Users\Krithiga Ganesh\OneDrive\Documents\NetBeansProjects\BookstoreAPI\src\main\java\com\example\bookstoreapi\BookstoreAPI.java
C:\Users\Krithiga Ganesh\OneDrive\Documents\NetBeansProjects\BookstoreAPI\src\main\java\com\example\bookstoreapi\BookstoreApiApplication.java
C:\Users\Krithiga Ganesh\OneDrive\Documents\NetBeansProjects\BookstoreAPI\src\main\java\com\example\bookstoreapi\config\WebConfig.java
C:\Users\Krithiga Ganesh\OneDrive\Documents\NetBeansProjects\BookstoreAPI\src\main\java\com\example\bookstoreapi\controller\BookController.java
C:\Users\Krithiga Ganesh\OneDrive\Documents\NetBeansProjects\BookstoreAPI\src\main\java\com\example\bookstoreapi\controller\CustomerController.java
C:\Users\Krithiga Ganesh\OneDrive\Documents\NetBeansProjects\BookstoreAPI\src\main\java\com\example\bookstoreapi\dto\BookDTO.java
C:\Users\Krithiga Ganesh\OneDrive\Documents\NetBeansProjects\BookstoreAPI\src\main\java\com\example\bookstoreapi\dto\CustomerDTO.java
C:\Users\Krithiga Ganesh\OneDrive\Documents\NetBeansProjects\BookstoreAPI\src\main\java\com\example\bookstoreapi\exception\BookNotFoundException.java
C:\Users\Krithiga Ganesh\OneDrive\Documents\NetBeansProjects\BookstoreAPI\src\main\java\com\example\bookstoreapi\exception\CustomerNotFoundException.java
C:\Users\Krithiga Ganesh\OneDrive\Documents\NetBeansProjects\BookstoreAPI\src\main\java\com\example\bookstoreapi\exception\GlobalExceptionHandler.java
C:\Users\Krithiga Ganesh\OneDrive\Documents\NetBeansProjects\BookstoreAPI\src\main\java\com\example\bookstoreapi\model\Book.java
C:\Users\Krithiga Ganesh\OneDrive\Documents\NetBeansProjects\BookstoreAPI\src\main\java\com\example\bookstoreapi\model\Customer.java
